// Vitest Snapshot v1, https://vitest.dev/guide/snapshot.html

exports[`Industry section view models > snapshots CTA configuration 1`] = `
{
  "demo": {
    "description": "Partner with platform specialists to scope governed telemetry patterns.",
    "href": "/about/contact/?flow=demo&vertical=finance",
    "label": "Request a tailored demo",
  },
  "whitepaper": {
    "description": "Review the audit-ready architecture and reporting approach.",
    "href": "/assets/whitepapers/sample.pdf",
    "label": "Download the compliance brief",
  },
}
`;

exports[`Industry section view models > snapshots compliance highlights 1`] = `
[
  {
    "evidence": "SOC 2 Type II report and ISO certificates in vendor portal.",
    "framework": "SOC 2 Type II + ISO 27001",
    "highlight": "Shared control inheritance packages accelerate third-party assessments across global teams.",
  },
]
`;

exports[`Industry section view models > snapshots mapped solutions and validates linked titles 1`] = `
[
  {
    "href": "/solutions/mnemosyne/",
    "outcome": "Cuts investigation prep time in half.",
    "positioning": "Centralizes telemetry and governed analytics for financial services teams.",
    "slug": "mnemosyne",
    "title": "Mnemosyne Activation Fabric",
  },
  {
    "href": "/solutions/hermes/",
    "outcome": null,
    "positioning": "Delivers policy-driven automations that pass internal risk reviews without manual rewrites.",
    "slug": "hermes",
    "title": "Hermes Automation Cloud",
  },
]
`;

exports[`Industry section view models > snapshots persona use cases 1`] = `
[
  {
    "automationLevel": "Automated alerts with manual approvals.",
    "narrative": "Blend telemetry, approvals, and audits into a single mission control experience for stakeholders.",
    "persona": "Operations executives",
    "title": "Unified control room",
  },
  {
    "narrative": "Auto-generate attestations, POA&Ms, and regulator-ready audit packages with reusable templates.",
    "persona": "Risk and compliance leads",
    "title": "Evidence automation",
  },
]
`;

exports[`Industry section view models > snapshots pressures and metrics 1`] = `
[
  {
    "description": "Teams lose hours stitching together telemetry across finance, risk, and operations dashboards.",
    "metric": "52% of operators cite duplicate investigations as a top risk.",
    "title": "Siloed telemetry inflates response times",
  },
  {
    "description": "Security teams chase spreadsheet attestations instead of working from shared system-of-record evidence.",
    "metric": "8+ hours burned each week summarizing control status.",
    "title": "Manual attestations delay procurement",
  },
  {
    "description": "Program leads hesitate to ship new flows without explicit policy guardrails baked into orchestrations.",
    "title": "Automation programs stall on compliance reviews",
  },
]
`;

exports[`Industry section view models > snapshots the hero payload 1`] = `
{
  "hero": {
    "copy": "Structured playbooks keep executives aligned on compliance, automation, and go-live velocity.",
    "eyebrow": "Regulated Industries",
    "headline": "Mission ready intelligence",
    "icon": "finance",
  },
  "title": "Finance Intelligence",
}
`;

exports[`Industry section view models > tracks the registered industry icon slugs for schema parity > industry-icon-slugs 1`] = `
[
  "finance",
  "healthcare",
  "public-sector",
  "energy",
  "manufacturing",
  "transport",
  "law",
  "government",
  "military",
  "intelligence",
]
`;
