// Vitest Snapshot v1, https://vitest.dev/guide/snapshot.html

exports[`WhitepaperRequestForm > matches the hydrated markup snapshot 1`] = `
<DocumentFragment>
  <form
    action="/api/mock"
    aria-describedby="whitepaper-form-status"
    aria-labelledby=":r1:"
    class="grid gap-6 rounded-xl border border-indigo-900/60 bg-slate-900/70 p-6 shadow-lg shadow-indigo-500/20"
    method="post"
    novalidate=""
  >
    <input
      name="turnstileToken"
      type="hidden"
      value=""
    />
    <fieldset
      class="grid gap-4"
    >
      <legend
        class="text-lg font-semibold text-white"
        id=":r1:"
      >
        Request enterprise whitepapers
      </legend>
      <div
        class="grid gap-2"
      >
        <label
          class="text-sm font-medium text-slate-200"
          for="whitepaperSlug"
        >
          Which guide do you need?
        </label>
        <select
          class="rounded-md border border-slate-700 bg-slate-800/80 px-3 py-2 text-white focus:border-indigo-400 focus:outline-none focus:ring-2 focus:ring-indigo-500"
          id="whitepaperSlug"
          name="whitepaperSlug"
          required=""
        >
          <option
            value=""
          >
            Select a whitepaper
          </option>
          <option
            value="apotheon-investor-brief"
          >
            Apotheon.ai Investor Brief
          </option>
          <option
            value="sovereign-ai-assurance"
          >
            Sovereign AI Assurance Field Guide
          </option>
          <option
            value="strategic-automation-playbook"
          >
            Apotheon Strategic Automation Playbook
          </option>
        </select>
      </div>
      <div
        class="grid gap-2"
      >
        <label
          class="text-sm font-medium text-slate-200"
          for="name"
        >
          Full name
        </label>
        <input
          class="rounded-md border border-slate-700 bg-slate-800/80 px-3 py-2 text-white focus:border-indigo-400 focus:outline-none focus:ring-2 focus:ring-indigo-500"
          id="name"
          name="name"
          required=""
        />
      </div>
      <div
        class="grid gap-2"
      >
        <label
          class="text-sm font-medium text-slate-200"
          for="email"
        >
          Business email
        </label>
        <input
          aria-describedby="whitepaper-email-help"
          class="rounded-md border border-slate-700 bg-slate-800/80 px-3 py-2 text-white focus:border-indigo-400 focus:outline-none focus:ring-2 focus:ring-indigo-500"
          id="email"
          name="email"
          required=""
          type="email"
        />
        <p
          class="text-sm text-slate-400"
          id="whitepaper-email-help"
        >
          Use a corporate email address. Security filters block disposable domains automatically.
        </p>
      </div>
      <div
        class="grid gap-2"
      >
        <label
          class="text-sm font-medium text-slate-200"
          for="company"
        >
          Company
        </label>
        <input
          class="rounded-md border border-slate-700 bg-slate-800/80 px-3 py-2 text-white focus:border-indigo-400 focus:outline-none focus:ring-2 focus:ring-indigo-500"
          id="company"
          name="company"
          required=""
        />
      </div>
      <div
        class="grid gap-2"
      >
        <label
          class="text-sm font-medium text-slate-200"
          for="role"
        >
          Role or team
        </label>
        <input
          class="rounded-md border border-slate-700 bg-slate-800/80 px-3 py-2 text-white focus:border-indigo-400 focus:outline-none focus:ring-2 focus:ring-indigo-500"
          id="role"
          name="role"
          required=""
        />
      </div>
      <div
        class="grid gap-2"
      >
        <label
          class="text-sm font-medium text-slate-200"
          for="justification"
        >
          How will your team apply this guidance?
        </label>
        <textarea
          class="min-h-[150px] rounded-md border border-slate-700 bg-slate-800/80 px-3 py-2 text-white shadow-inner focus:border-indigo-400 focus:outline-none focus:ring-2 focus:ring-indigo-500"
          id="justification"
          minlength="40"
          name="justification"
          required=""
        />
        <p
          class="text-sm text-slate-400"
        >
          Be specificâ€”references to in-flight programs or regulatory mandates accelerate approvals.
        </p>
      </div>
      <label
        class="inline-flex items-start gap-3 text-sm text-slate-300"
      >
        <input
          class="mt-1 h-4 w-4 rounded border border-slate-600 bg-slate-800 text-indigo-500 focus:border-indigo-400 focus:outline-none focus:ring-2 focus:ring-indigo-500"
          name="marketingOptIn"
          type="checkbox"
        />
        <span>
          Keep me informed about future research, benchmarks, and compliance updates.
          <span
            class="block text-slate-500"
          >
            We route opt-ins through the RevOps automation stack with documented unsubscribe flows.
          </span>
        </span>
      </label>
      <div
        aria-hidden="true"
        class="hidden"
      >
        <label
          for="whitepaper-honeypot"
        >
          Leave blank
        </label>
        <input
          autocomplete="off"
          id="whitepaper-honeypot"
          name="honeypot"
          tabindex="-1"
        />
      </div>
      <div
        class="grid gap-2"
      >
        <span
          class="text-sm font-medium text-slate-200"
        >
          Verification
        </span>
        <div
          class="min-h-[65px]"
        />
        <noscript />
      </div>
    </fieldset>
    <button
      aria-live="polite"
      class="inline-flex items-center justify-center rounded-md bg-indigo-500 px-4 py-2 text-sm font-semibold text-white shadow-lg shadow-indigo-500/30 transition hover:bg-indigo-400 focus:outline-none focus:ring-2 focus:ring-indigo-500 disabled:cursor-not-allowed disabled:bg-slate-600"
      type="submit"
    >
      Request download
    </button>
  </form>
</DocumentFragment>
`;
